2026-05-20 12:55:20 [/workspace/GCRN-complex/scripts/utils/models.py:97 - INFO ] Model summary:
Net(
  (conv1): GluConv2d(
    (conv1): Conv2d(2, 16, kernel_size=(1, 3), stride=(1, 2))
    (conv2): Conv2d(2, 16, kernel_size=(1, 3), stride=(1, 2))
    (sigmoid): Sigmoid()
  )
  (conv2): GluConv2d(
    (conv1): Conv2d(16, 32, kernel_size=(1, 3), stride=(1, 2))
    (conv2): Conv2d(16, 32, kernel_size=(1, 3), stride=(1, 2))
    (sigmoid): Sigmoid()
  )
  (conv3): GluConv2d(
    (conv1): Conv2d(32, 64, kernel_size=(1, 3), stride=(1, 2))
    (conv2): Conv2d(32, 64, kernel_size=(1, 3), stride=(1, 2))
    (sigmoid): Sigmoid()
  )
  (conv4): GluConv2d(
    (conv1): Conv2d(64, 128, kernel_size=(1, 3), stride=(1, 2))
    (conv2): Conv2d(64, 128, kernel_size=(1, 3), stride=(1, 2))
    (sigmoid): Sigmoid()
  )
  (conv5): GluConv2d(
    (conv1): Conv2d(128, 256, kernel_size=(1, 3), stride=(1, 2))
    (conv2): Conv2d(128, 256, kernel_size=(1, 3), stride=(1, 2))
    (sigmoid): Sigmoid()
  )
  (glstm): GLSTM(
    (lstm_list1): ModuleList(
      (0): LSTM(512, 512, batch_first=True)
      (1): LSTM(512, 512, batch_first=True)
    )
    (lstm_list2): ModuleList(
      (0): LSTM(512, 512, batch_first=True)
      (1): LSTM(512, 512, batch_first=True)
    )
    (ln1): LayerNorm((1024,), eps=1e-05, elementwise_affine=True)
    (ln2): LayerNorm((1024,), eps=1e-05, elementwise_affine=True)
  )
  (conv5_t_1): GluConvTranspose2d(
    (conv1): ConvTranspose2d(512, 128, kernel_size=(1, 3), stride=(1, 2))
    (conv2): ConvTranspose2d(512, 128, kernel_size=(1, 3), stride=(1, 2))
    (sigmoid): Sigmoid()
  )
  (conv4_t_1): GluConvTranspose2d(
    (conv1): ConvTranspose2d(256, 64, kernel_size=(1, 3), stride=(1, 2))
    (conv2): ConvTranspose2d(256, 64, kernel_size=(1, 3), stride=(1, 2))
    (sigmoid): Sigmoid()
  )
  (conv3_t_1): GluConvTranspose2d(
    (conv1): ConvTranspose2d(128, 32, kernel_size=(1, 3), stride=(1, 2))
    (conv2): ConvTranspose2d(128, 32, kernel_size=(1, 3), stride=(1, 2))
    (sigmoid): Sigmoid()
  )
  (conv2_t_1): GluConvTranspose2d(
    (conv1): ConvTranspose2d(64, 16, kernel_size=(1, 3), stride=(1, 2), output_padding=(0, 1))
    (conv2): ConvTranspose2d(64, 16, kernel_size=(1, 3), stride=(1, 2), output_padding=(0, 1))
    (sigmoid): Sigmoid()
  )
  (conv1_t_1): GluConvTranspose2d(
    (conv1): ConvTranspose2d(32, 1, kernel_size=(1, 3), stride=(1, 2))
    (conv2): ConvTranspose2d(32, 1, kernel_size=(1, 3), stride=(1, 2))
    (sigmoid): Sigmoid()
  )
  (conv5_t_2): GluConvTranspose2d(
    (conv1): ConvTranspose2d(512, 128, kernel_size=(1, 3), stride=(1, 2))
    (conv2): ConvTranspose2d(512, 128, kernel_size=(1, 3), stride=(1, 2))
    (sigmoid): Sigmoid()
  )
  (conv4_t_2): GluConvTranspose2d(
    (conv1): ConvTranspose2d(256, 64, kernel_size=(1, 3), stride=(1, 2))
    (conv2): ConvTranspose2d(256, 64, kernel_size=(1, 3), stride=(1, 2))
    (sigmoid): Sigmoid()
  )
  (conv3_t_2): GluConvTranspose2d(
    (conv1): ConvTranspose2d(128, 32, kernel_size=(1, 3), stride=(1, 2))
    (conv2): ConvTranspose2d(128, 32, kernel_size=(1, 3), stride=(1, 2))
    (sigmoid): Sigmoid()
  )
  (conv2_t_2): GluConvTranspose2d(
    (conv1): ConvTranspose2d(64, 16, kernel_size=(1, 3), stride=(1, 2), output_padding=(0, 1))
    (conv2): ConvTranspose2d(64, 16, kernel_size=(1, 3), stride=(1, 2), output_padding=(0, 1))
    (sigmoid): Sigmoid()
  )
  (conv1_t_2): GluConvTranspose2d(
    (conv1): ConvTranspose2d(32, 1, kernel_size=(1, 3), stride=(1, 2))
    (conv2): ConvTranspose2d(32, 1, kernel_size=(1, 3), stride=(1, 2))
    (sigmoid): Sigmoid()
  )
  (bn1): BatchNorm2d(16, eps=1e-05, momentum=0.1, affine=True, track_running_stats=True)
  (bn2): BatchNorm2d(32, eps=1e-05, momentum=0.1, affine=True, track_running_stats=True)
  (bn3): BatchNorm2d(64, eps=1e-05, momentum=0.1, affine=True, track_running_stats=True)
  (bn4): BatchNorm2d(128, eps=1e-05, momentum=0.1, affine=True, track_running_stats=True)
  (bn5): BatchNorm2d(256, eps=1e-05, momentum=0.1, affine=True, track_running_stats=True)
  (bn5_t_1): BatchNorm2d(128, eps=1e-05, momentum=0.1, affine=True, track_running_stats=True)
  (bn4_t_1): BatchNorm2d(64, eps=1e-05, momentum=0.1, affine=True, track_running_stats=True)
  (bn3_t_1): BatchNorm2d(32, eps=1e-05, momentum=0.1, affine=True, track_running_stats=True)
  (bn2_t_1): BatchNorm2d(16, eps=1e-05, momentum=0.1, affine=True, track_running_stats=True)
  (bn1_t_1): BatchNorm2d(1, eps=1e-05, momentum=0.1, affine=True, track_running_stats=True)
  (bn5_t_2): BatchNorm2d(128, eps=1e-05, momentum=0.1, affine=True, track_running_stats=True)
  (bn4_t_2): BatchNorm2d(64, eps=1e-05, momentum=0.1, affine=True, track_running_stats=True)
  (bn3_t_2): BatchNorm2d(32, eps=1e-05, momentum=0.1, affine=True, track_running_stats=True)
  (bn2_t_2): BatchNorm2d(16, eps=1e-05, momentum=0.1, affine=True, track_running_stats=True)
  (bn1_t_2): BatchNorm2d(1, eps=1e-05, momentum=0.1, affine=True, track_running_stats=True)
  (elu): ELU(alpha=1.0, inplace=True)
  (fc1): Linear(in_features=161, out_features=161, bias=True)
  (fc2): Linear(in_features=161, out_features=161, bias=True)
)
2026-05-20 12:55:21 [/workspace/GCRN-complex/scripts/utils/models.py:105 - INFO ] Trainable parameter count: 9,771,340 -> 37.27 MB

2026-05-20 12:55:21 [/workspace/GCRN-complex/scripts/utils/models.py:117 - INFO ] Resuming model from ./exp_dns_1000/models/best.pt
2026-05-20 12:55:21 [/workspace/GCRN-complex/scripts/utils/models.py:129 - INFO ] model info: epoch 28, iter 100, cv_loss - 0.0041

2026-05-20 12:55:42 [/workspace/GCRN-complex/scripts/utils/models.py:205 - INFO ] Saving checkpoint into exp_dns_stage2/latest.pt
2026-05-20 12:55:42 [/workspace/GCRN-complex/scripts/utils/models.py:208 - INFO ] Epoch [28/30], ( tr_loss: 0.0058 | cv_loss: 0.0061 )

2026-05-20 12:56:02 [/workspace/GCRN-complex/scripts/utils/models.py:205 - INFO ] Saving checkpoint into exp_dns_stage2/latest.pt
2026-05-20 12:56:02 [/workspace/GCRN-complex/scripts/utils/models.py:208 - INFO ] Epoch [28/30], ( tr_loss: 0.0066 | cv_loss: 0.0070 )

2026-05-20 12:56:22 [/workspace/GCRN-complex/scripts/utils/models.py:205 - INFO ] Saving checkpoint into exp_dns_stage2/latest.pt
2026-05-20 12:56:22 [/workspace/GCRN-complex/scripts/utils/models.py:208 - INFO ] Epoch [28/30], ( tr_loss: 0.0055 | cv_loss: 0.0058 )

2026-05-20 12:56:41 [/workspace/GCRN-complex/scripts/utils/models.py:205 - INFO ] Saving checkpoint into exp_dns_stage2/latest.pt
2026-05-20 12:56:41 [/workspace/GCRN-complex/scripts/utils/models.py:208 - INFO ] Epoch [28/30], ( tr_loss: 0.0053 | cv_loss: 0.0052 )

2026-05-20 12:57:01 [/workspace/GCRN-complex/scripts/utils/models.py:205 - INFO ] Saving checkpoint into exp_dns_stage2/latest.pt
2026-05-20 12:57:01 [/workspace/GCRN-complex/scripts/utils/models.py:208 - INFO ] Epoch [28/30], ( tr_loss: 0.0046 | cv_loss: 0.0049 )

2026-05-20 12:57:21 [/workspace/GCRN-complex/scripts/utils/models.py:205 - INFO ] Saving checkpoint into exp_dns_stage2/latest.pt
2026-05-20 12:57:21 [/workspace/GCRN-complex/scripts/utils/models.py:208 - INFO ] Epoch [28/30], ( tr_loss: 0.0039 | cv_loss: 0.0050 )

2026-05-20 12:57:42 [/workspace/GCRN-complex/scripts/utils/models.py:205 - INFO ] Saving checkpoint into exp_dns_stage2/latest.pt
2026-05-20 12:57:42 [/workspace/GCRN-complex/scripts/utils/models.py:208 - INFO ] Epoch [28/30], ( tr_loss: 0.0037 | cv_loss: 0.0050 )

2026-05-20 12:58:01 [/workspace/GCRN-complex/scripts/utils/models.py:205 - INFO ] Saving checkpoint into exp_dns_stage2/latest.pt
2026-05-20 12:58:01 [/workspace/GCRN-complex/scripts/utils/models.py:208 - INFO ] Epoch [28/30], ( tr_loss: 0.0039 | cv_loss: 0.0047 )

2026-05-20 12:58:22 [/workspace/GCRN-complex/scripts/utils/models.py:205 - INFO ] Saving checkpoint into exp_dns_stage2/latest.pt
2026-05-20 12:58:22 [/workspace/GCRN-complex/scripts/utils/models.py:208 - INFO ] Epoch [28/30], ( tr_loss: 0.0047 | cv_loss: 0.0049 )

2026-05-20 12:58:42 [/workspace/GCRN-complex/scripts/utils/models.py:205 - INFO ] Saving checkpoint into exp_dns_stage2/latest.pt
2026-05-20 12:58:42 [/workspace/GCRN-complex/scripts/utils/models.py:208 - INFO ] Epoch [28/30], ( tr_loss: 0.0035 | cv_loss: 0.0041 )

2026-05-20 12:59:02 [/workspace/GCRN-complex/scripts/utils/models.py:205 - INFO ] Saving checkpoint into exp_dns_stage2/latest.pt
2026-05-20 12:59:02 [/workspace/GCRN-complex/scripts/utils/models.py:208 - INFO ] Epoch [28/30], ( tr_loss: 0.0051 | cv_loss: 0.0046 )

2026-05-20 12:59:24 [/workspace/GCRN-complex/scripts/utils/models.py:205 - INFO ] Saving checkpoint into exp_dns_stage2/latest.pt
2026-05-20 12:59:24 [/workspace/GCRN-complex/scripts/utils/models.py:208 - INFO ] Epoch [29/30], ( tr_loss: 0.0036 | cv_loss: 0.0043 )

2026-05-20 12:59:44 [/workspace/GCRN-complex/scripts/utils/models.py:205 - INFO ] Saving checkpoint into exp_dns_stage2/latest.pt
2026-05-20 12:59:44 [/workspace/GCRN-complex/scripts/utils/models.py:207 - INFO ] Saving checkpoint into exp_dns_stage2/best.pt
2026-05-20 12:59:44 [/workspace/GCRN-complex/scripts/utils/models.py:208 - INFO ] Epoch [29/30], ( tr_loss: 0.0031 | cv_loss: 0.0039 )

2026-05-20 13:00:04 [/workspace/GCRN-complex/scripts/utils/models.py:205 - INFO ] Saving checkpoint into exp_dns_stage2/latest.pt
2026-05-20 13:00:04 [/workspace/GCRN-complex/scripts/utils/models.py:208 - INFO ] Epoch [29/30], ( tr_loss: 0.0035 | cv_loss: 0.0043 )

2026-05-20 13:00:24 [/workspace/GCRN-complex/scripts/utils/models.py:205 - INFO ] Saving checkpoint into exp_dns_stage2/latest.pt
2026-05-20 13:00:24 [/workspace/GCRN-complex/scripts/utils/models.py:207 - INFO ] Saving checkpoint into exp_dns_stage2/best.pt
2026-05-20 13:00:24 [/workspace/GCRN-complex/scripts/utils/models.py:208 - INFO ] Epoch [29/30], ( tr_loss: 0.0033 | cv_loss: 0.0037 )

2026-05-20 13:00:44 [/workspace/GCRN-complex/scripts/utils/models.py:205 - INFO ] Saving checkpoint into exp_dns_stage2/latest.pt
2026-05-20 13:00:44 [/workspace/GCRN-complex/scripts/utils/models.py:207 - INFO ] Saving checkpoint into exp_dns_stage2/best.pt
2026-05-20 13:00:44 [/workspace/GCRN-complex/scripts/utils/models.py:208 - INFO ] Epoch [29/30], ( tr_loss: 0.0033 | cv_loss: 0.0036 )

2026-05-20 13:01:04 [/workspace/GCRN-complex/scripts/utils/models.py:205 - INFO ] Saving checkpoint into exp_dns_stage2/latest.pt
2026-05-20 13:01:04 [/workspace/GCRN-complex/scripts/utils/models.py:208 - INFO ] Epoch [29/30], ( tr_loss: 0.0031 | cv_loss: 0.0040 )

2026-05-20 13:01:24 [/workspace/GCRN-complex/scripts/utils/models.py:205 - INFO ] Saving checkpoint into exp_dns_stage2/latest.pt
2026-05-20 13:01:24 [/workspace/GCRN-complex/scripts/utils/models.py:207 - INFO ] Saving checkpoint into exp_dns_stage2/best.pt
2026-05-20 13:01:24 [/workspace/GCRN-complex/scripts/utils/models.py:208 - INFO ] Epoch [29/30], ( tr_loss: 0.0031 | cv_loss: 0.0035 )

2026-05-20 13:01:44 [/workspace/GCRN-complex/scripts/utils/models.py:205 - INFO ] Saving checkpoint into exp_dns_stage2/latest.pt
2026-05-20 13:01:44 [/workspace/GCRN-complex/scripts/utils/models.py:208 - INFO ] Epoch [29/30], ( tr_loss: 0.0031 | cv_loss: 0.0039 )

2026-05-20 13:02:04 [/workspace/GCRN-complex/scripts/utils/models.py:205 - INFO ] Saving checkpoint into exp_dns_stage2/latest.pt
2026-05-20 13:02:04 [/workspace/GCRN-complex/scripts/utils/models.py:208 - INFO ] Epoch [29/30], ( tr_loss: 0.0030 | cv_loss: 0.0039 )

2026-05-20 13:02:24 [/workspace/GCRN-complex/scripts/utils/models.py:205 - INFO ] Saving checkpoint into exp_dns_stage2/latest.pt
2026-05-20 13:02:24 [/workspace/GCRN-complex/scripts/utils/models.py:208 - INFO ] Epoch [29/30], ( tr_loss: 0.0030 | cv_loss: 0.0038 )

2026-05-20 13:02:44 [/workspace/GCRN-complex/scripts/utils/models.py:205 - INFO ] Saving checkpoint into exp_dns_stage2/latest.pt
2026-05-20 13:02:44 [/workspace/GCRN-complex/scripts/utils/models.py:208 - INFO ] Epoch [29/30], ( tr_loss: 0.0032 | cv_loss: 0.0037 )

2026-05-20 13:03:07 [/workspace/GCRN-complex/scripts/utils/models.py:205 - INFO ] Saving checkpoint into exp_dns_stage2/latest.pt
2026-05-20 13:03:07 [/workspace/GCRN-complex/scripts/utils/models.py:208 - INFO ] Epoch [30/30], ( tr_loss: 0.0028 | cv_loss: 0.0038 )

2026-05-20 13:03:27 [/workspace/GCRN-complex/scripts/utils/models.py:205 - INFO ] Saving checkpoint into exp_dns_stage2/latest.pt
2026-05-20 13:03:27 [/workspace/GCRN-complex/scripts/utils/models.py:207 - INFO ] Saving checkpoint into exp_dns_stage2/best.pt
2026-05-20 13:03:27 [/workspace/GCRN-complex/scripts/utils/models.py:208 - INFO ] Epoch [30/30], ( tr_loss: 0.0025 | cv_loss: 0.0034 )

2026-05-20 13:03:47 [/workspace/GCRN-complex/scripts/utils/models.py:205 - INFO ] Saving checkpoint into exp_dns_stage2/latest.pt
2026-05-20 13:03:47 [/workspace/GCRN-complex/scripts/utils/models.py:208 - INFO ] Epoch [30/30], ( tr_loss: 0.0026 | cv_loss: 0.0035 )

2026-05-20 13:04:07 [/workspace/GCRN-complex/scripts/utils/models.py:205 - INFO ] Saving checkpoint into exp_dns_stage2/latest.pt
2026-05-20 13:04:07 [/workspace/GCRN-complex/scripts/utils/models.py:208 - INFO ] Epoch [30/30], ( tr_loss: 0.0026 | cv_loss: 0.0037 )

2026-05-20 13:04:27 [/workspace/GCRN-complex/scripts/utils/models.py:205 - INFO ] Saving checkpoint into exp_dns_stage2/latest.pt
2026-05-20 13:04:27 [/workspace/GCRN-complex/scripts/utils/models.py:208 - INFO ] Epoch [30/30], ( tr_loss: 0.0026 | cv_loss: 0.0037 )

2026-05-20 13:04:47 [/workspace/GCRN-complex/scripts/utils/models.py:205 - INFO ] Saving checkpoint into exp_dns_stage2/latest.pt
2026-05-20 13:04:47 [/workspace/GCRN-complex/scripts/utils/models.py:207 - INFO ] Saving checkpoint into exp_dns_stage2/best.pt
2026-05-20 13:04:47 [/workspace/GCRN-complex/scripts/utils/models.py:208 - INFO ] Epoch [30/30], ( tr_loss: 0.0027 | cv_loss: 0.0032 )

2026-05-20 13:05:06 [/workspace/GCRN-complex/scripts/utils/models.py:205 - INFO ] Saving checkpoint into exp_dns_stage2/latest.pt
2026-05-20 13:05:06 [/workspace/GCRN-complex/scripts/utils/models.py:208 - INFO ] Epoch [30/30], ( tr_loss: 0.0026 | cv_loss: 0.0034 )

2026-05-20 13:05:26 [/workspace/GCRN-complex/scripts/utils/models.py:205 - INFO ] Saving checkpoint into exp_dns_stage2/latest.pt
2026-05-20 13:05:26 [/workspace/GCRN-complex/scripts/utils/models.py:207 - INFO ] Saving checkpoint into exp_dns_stage2/best.pt
2026-05-20 13:05:26 [/workspace/GCRN-complex/scripts/utils/models.py:208 - INFO ] Epoch [30/30], ( tr_loss: 0.0026 | cv_loss: 0.0032 )

2026-05-20 13:05:46 [/workspace/GCRN-complex/scripts/utils/models.py:205 - INFO ] Saving checkpoint into exp_dns_stage2/latest.pt
2026-05-20 13:05:46 [/workspace/GCRN-complex/scripts/utils/models.py:208 - INFO ] Epoch [30/30], ( tr_loss: 0.0028 | cv_loss: 0.0033 )

2026-05-20 13:06:06 [/workspace/GCRN-complex/scripts/utils/models.py:205 - INFO ] Saving checkpoint into exp_dns_stage2/latest.pt
2026-05-20 13:06:06 [/workspace/GCRN-complex/scripts/utils/models.py:208 - INFO ] Epoch [30/30], ( tr_loss: 0.0026 | cv_loss: 0.0034 )

2026-05-20 13:06:26 [/workspace/GCRN-complex/scripts/utils/models.py:205 - INFO ] Saving checkpoint into exp_dns_stage2/latest.pt
2026-05-20 13:06:26 [/workspace/GCRN-complex/scripts/utils/models.py:208 - INFO ] Epoch [30/30], ( tr_loss: 0.0026 | cv_loss: 0.0033 )

