2026-05-20 12:12:33 [/workspace/GCRN-complex/scripts/utils/models.py:97 - INFO ] Model summary:
Net(
  (conv1): GluConv2d(
    (conv1): Conv2d(2, 16, kernel_size=(1, 3), stride=(1, 2))
    (conv2): Conv2d(2, 16, kernel_size=(1, 3), stride=(1, 2))
    (sigmoid): Sigmoid()
  )
  (conv2): GluConv2d(
    (conv1): Conv2d(16, 32, kernel_size=(1, 3), stride=(1, 2))
    (conv2): Conv2d(16, 32, kernel_size=(1, 3), stride=(1, 2))
    (sigmoid): Sigmoid()
  )
  (conv3): GluConv2d(
    (conv1): Conv2d(32, 64, kernel_size=(1, 3), stride=(1, 2))
    (conv2): Conv2d(32, 64, kernel_size=(1, 3), stride=(1, 2))
    (sigmoid): Sigmoid()
  )
  (conv4): GluConv2d(
    (conv1): Conv2d(64, 128, kernel_size=(1, 3), stride=(1, 2))
    (conv2): Conv2d(64, 128, kernel_size=(1, 3), stride=(1, 2))
    (sigmoid): Sigmoid()
  )
  (conv5): GluConv2d(
    (conv1): Conv2d(128, 256, kernel_size=(1, 3), stride=(1, 2))
    (conv2): Conv2d(128, 256, kernel_size=(1, 3), stride=(1, 2))
    (sigmoid): Sigmoid()
  )
  (glstm): GLSTM(
    (lstm_list1): ModuleList(
      (0): LSTM(512, 512, batch_first=True)
      (1): LSTM(512, 512, batch_first=True)
    )
    (lstm_list2): ModuleList(
      (0): LSTM(512, 512, batch_first=True)
      (1): LSTM(512, 512, batch_first=True)
    )
    (ln1): LayerNorm((1024,), eps=1e-05, elementwise_affine=True)
    (ln2): LayerNorm((1024,), eps=1e-05, elementwise_affine=True)
  )
  (conv5_t_1): GluConvTranspose2d(
    (conv1): ConvTranspose2d(512, 128, kernel_size=(1, 3), stride=(1, 2))
    (conv2): ConvTranspose2d(512, 128, kernel_size=(1, 3), stride=(1, 2))
    (sigmoid): Sigmoid()
  )
  (conv4_t_1): GluConvTranspose2d(
    (conv1): ConvTranspose2d(256, 64, kernel_size=(1, 3), stride=(1, 2))
    (conv2): ConvTranspose2d(256, 64, kernel_size=(1, 3), stride=(1, 2))
    (sigmoid): Sigmoid()
  )
  (conv3_t_1): GluConvTranspose2d(
    (conv1): ConvTranspose2d(128, 32, kernel_size=(1, 3), stride=(1, 2))
    (conv2): ConvTranspose2d(128, 32, kernel_size=(1, 3), stride=(1, 2))
    (sigmoid): Sigmoid()
  )
  (conv2_t_1): GluConvTranspose2d(
    (conv1): ConvTranspose2d(64, 16, kernel_size=(1, 3), stride=(1, 2), output_padding=(0, 1))
    (conv2): ConvTranspose2d(64, 16, kernel_size=(1, 3), stride=(1, 2), output_padding=(0, 1))
    (sigmoid): Sigmoid()
  )
  (conv1_t_1): GluConvTranspose2d(
    (conv1): ConvTranspose2d(32, 1, kernel_size=(1, 3), stride=(1, 2))
    (conv2): ConvTranspose2d(32, 1, kernel_size=(1, 3), stride=(1, 2))
    (sigmoid): Sigmoid()
  )
  (conv5_t_2): GluConvTranspose2d(
    (conv1): ConvTranspose2d(512, 128, kernel_size=(1, 3), stride=(1, 2))
    (conv2): ConvTranspose2d(512, 128, kernel_size=(1, 3), stride=(1, 2))
    (sigmoid): Sigmoid()
  )
  (conv4_t_2): GluConvTranspose2d(
    (conv1): ConvTranspose2d(256, 64, kernel_size=(1, 3), stride=(1, 2))
    (conv2): ConvTranspose2d(256, 64, kernel_size=(1, 3), stride=(1, 2))
    (sigmoid): Sigmoid()
  )
  (conv3_t_2): GluConvTranspose2d(
    (conv1): ConvTranspose2d(128, 32, kernel_size=(1, 3), stride=(1, 2))
    (conv2): ConvTranspose2d(128, 32, kernel_size=(1, 3), stride=(1, 2))
    (sigmoid): Sigmoid()
  )
  (conv2_t_2): GluConvTranspose2d(
    (conv1): ConvTranspose2d(64, 16, kernel_size=(1, 3), stride=(1, 2), output_padding=(0, 1))
    (conv2): ConvTranspose2d(64, 16, kernel_size=(1, 3), stride=(1, 2), output_padding=(0, 1))
    (sigmoid): Sigmoid()
  )
  (conv1_t_2): GluConvTranspose2d(
    (conv1): ConvTranspose2d(32, 1, kernel_size=(1, 3), stride=(1, 2))
    (conv2): ConvTranspose2d(32, 1, kernel_size=(1, 3), stride=(1, 2))
    (sigmoid): Sigmoid()
  )
  (bn1): BatchNorm2d(16, eps=1e-05, momentum=0.1, affine=True, track_running_stats=True)
  (bn2): BatchNorm2d(32, eps=1e-05, momentum=0.1, affine=True, track_running_stats=True)
  (bn3): BatchNorm2d(64, eps=1e-05, momentum=0.1, affine=True, track_running_stats=True)
  (bn4): BatchNorm2d(128, eps=1e-05, momentum=0.1, affine=True, track_running_stats=True)
  (bn5): BatchNorm2d(256, eps=1e-05, momentum=0.1, affine=True, track_running_stats=True)
  (bn5_t_1): BatchNorm2d(128, eps=1e-05, momentum=0.1, affine=True, track_running_stats=True)
  (bn4_t_1): BatchNorm2d(64, eps=1e-05, momentum=0.1, affine=True, track_running_stats=True)
  (bn3_t_1): BatchNorm2d(32, eps=1e-05, momentum=0.1, affine=True, track_running_stats=True)
  (bn2_t_1): BatchNorm2d(16, eps=1e-05, momentum=0.1, affine=True, track_running_stats=True)
  (bn1_t_1): BatchNorm2d(1, eps=1e-05, momentum=0.1, affine=True, track_running_stats=True)
  (bn5_t_2): BatchNorm2d(128, eps=1e-05, momentum=0.1, affine=True, track_running_stats=True)
  (bn4_t_2): BatchNorm2d(64, eps=1e-05, momentum=0.1, affine=True, track_running_stats=True)
  (bn3_t_2): BatchNorm2d(32, eps=1e-05, momentum=0.1, affine=True, track_running_stats=True)
  (bn2_t_2): BatchNorm2d(16, eps=1e-05, momentum=0.1, affine=True, track_running_stats=True)
  (bn1_t_2): BatchNorm2d(1, eps=1e-05, momentum=0.1, affine=True, track_running_stats=True)
  (elu): ELU(alpha=1.0, inplace=True)
  (fc1): Linear(in_features=161, out_features=161, bias=True)
  (fc2): Linear(in_features=161, out_features=161, bias=True)
)
2026-05-20 12:12:35 [/workspace/GCRN-complex/scripts/utils/models.py:105 - INFO ] Trainable parameter count: 9,771,340 -> 37.27 MB

2026-05-20 12:12:35 [/workspace/GCRN-complex/scripts/utils/models.py:132 - INFO ] Training from scratch...

2026-05-20 12:12:47 [/workspace/GCRN-complex/scripts/utils/models.py:205 - INFO ] Saving checkpoint into exp_dns_1000/latest.pt
2026-05-20 12:12:47 [/workspace/GCRN-complex/scripts/utils/models.py:207 - INFO ] Saving checkpoint into exp_dns_1000/best.pt
2026-05-20 12:12:47 [/workspace/GCRN-complex/scripts/utils/models.py:208 - INFO ] Epoch [1/30], ( tr_loss: 0.0522 | cv_loss: 0.0363 )

2026-05-20 12:13:00 [/workspace/GCRN-complex/scripts/utils/models.py:205 - INFO ] Saving checkpoint into exp_dns_1000/latest.pt
2026-05-20 12:13:00 [/workspace/GCRN-complex/scripts/utils/models.py:207 - INFO ] Saving checkpoint into exp_dns_1000/best.pt
2026-05-20 12:13:00 [/workspace/GCRN-complex/scripts/utils/models.py:208 - INFO ] Epoch [1/30], ( tr_loss: 0.0316 | cv_loss: 0.0291 )

2026-05-20 12:13:16 [/workspace/GCRN-complex/scripts/utils/models.py:205 - INFO ] Saving checkpoint into exp_dns_1000/latest.pt
2026-05-20 12:13:16 [/workspace/GCRN-complex/scripts/utils/models.py:207 - INFO ] Saving checkpoint into exp_dns_1000/best.pt
2026-05-20 12:13:16 [/workspace/GCRN-complex/scripts/utils/models.py:208 - INFO ] Epoch [2/30], ( tr_loss: 0.0229 | cv_loss: 0.0214 )

2026-05-20 12:13:28 [/workspace/GCRN-complex/scripts/utils/models.py:205 - INFO ] Saving checkpoint into exp_dns_1000/latest.pt
2026-05-20 12:13:28 [/workspace/GCRN-complex/scripts/utils/models.py:207 - INFO ] Saving checkpoint into exp_dns_1000/best.pt
2026-05-20 12:13:28 [/workspace/GCRN-complex/scripts/utils/models.py:208 - INFO ] Epoch [2/30], ( tr_loss: 0.0197 | cv_loss: 0.0171 )

2026-05-20 12:13:44 [/workspace/GCRN-complex/scripts/utils/models.py:205 - INFO ] Saving checkpoint into exp_dns_1000/latest.pt
2026-05-20 12:13:44 [/workspace/GCRN-complex/scripts/utils/models.py:207 - INFO ] Saving checkpoint into exp_dns_1000/best.pt
2026-05-20 12:13:44 [/workspace/GCRN-complex/scripts/utils/models.py:208 - INFO ] Epoch [3/30], ( tr_loss: 0.0149 | cv_loss: 0.0146 )

2026-05-20 12:13:56 [/workspace/GCRN-complex/scripts/utils/models.py:205 - INFO ] Saving checkpoint into exp_dns_1000/latest.pt
2026-05-20 12:13:56 [/workspace/GCRN-complex/scripts/utils/models.py:207 - INFO ] Saving checkpoint into exp_dns_1000/best.pt
2026-05-20 12:13:56 [/workspace/GCRN-complex/scripts/utils/models.py:208 - INFO ] Epoch [3/30], ( tr_loss: 0.0130 | cv_loss: 0.0136 )

2026-05-20 12:14:12 [/workspace/GCRN-complex/scripts/utils/models.py:205 - INFO ] Saving checkpoint into exp_dns_1000/latest.pt
2026-05-20 12:14:12 [/workspace/GCRN-complex/scripts/utils/models.py:207 - INFO ] Saving checkpoint into exp_dns_1000/best.pt
2026-05-20 12:14:12 [/workspace/GCRN-complex/scripts/utils/models.py:208 - INFO ] Epoch [4/30], ( tr_loss: 0.0117 | cv_loss: 0.0130 )

2026-05-20 12:14:25 [/workspace/GCRN-complex/scripts/utils/models.py:205 - INFO ] Saving checkpoint into exp_dns_1000/latest.pt
2026-05-20 12:14:25 [/workspace/GCRN-complex/scripts/utils/models.py:207 - INFO ] Saving checkpoint into exp_dns_1000/best.pt
2026-05-20 12:14:25 [/workspace/GCRN-complex/scripts/utils/models.py:208 - INFO ] Epoch [4/30], ( tr_loss: 0.0099 | cv_loss: 0.0112 )

2026-05-20 12:14:40 [/workspace/GCRN-complex/scripts/utils/models.py:205 - INFO ] Saving checkpoint into exp_dns_1000/latest.pt
2026-05-20 12:14:40 [/workspace/GCRN-complex/scripts/utils/models.py:207 - INFO ] Saving checkpoint into exp_dns_1000/best.pt
2026-05-20 12:14:40 [/workspace/GCRN-complex/scripts/utils/models.py:208 - INFO ] Epoch [5/30], ( tr_loss: 0.0087 | cv_loss: 0.0095 )

2026-05-20 12:14:53 [/workspace/GCRN-complex/scripts/utils/models.py:205 - INFO ] Saving checkpoint into exp_dns_1000/latest.pt
2026-05-20 12:14:53 [/workspace/GCRN-complex/scripts/utils/models.py:207 - INFO ] Saving checkpoint into exp_dns_1000/best.pt
2026-05-20 12:14:53 [/workspace/GCRN-complex/scripts/utils/models.py:208 - INFO ] Epoch [5/30], ( tr_loss: 0.0080 | cv_loss: 0.0094 )

2026-05-20 12:15:08 [/workspace/GCRN-complex/scripts/utils/models.py:205 - INFO ] Saving checkpoint into exp_dns_1000/latest.pt
2026-05-20 12:15:08 [/workspace/GCRN-complex/scripts/utils/models.py:207 - INFO ] Saving checkpoint into exp_dns_1000/best.pt
2026-05-20 12:15:08 [/workspace/GCRN-complex/scripts/utils/models.py:208 - INFO ] Epoch [6/30], ( tr_loss: 0.0070 | cv_loss: 0.0089 )

2026-05-20 12:15:21 [/workspace/GCRN-complex/scripts/utils/models.py:205 - INFO ] Saving checkpoint into exp_dns_1000/latest.pt
2026-05-20 12:15:21 [/workspace/GCRN-complex/scripts/utils/models.py:207 - INFO ] Saving checkpoint into exp_dns_1000/best.pt
2026-05-20 12:15:21 [/workspace/GCRN-complex/scripts/utils/models.py:208 - INFO ] Epoch [6/30], ( tr_loss: 0.0075 | cv_loss: 0.0084 )

2026-05-20 12:15:36 [/workspace/GCRN-complex/scripts/utils/models.py:205 - INFO ] Saving checkpoint into exp_dns_1000/latest.pt
2026-05-20 12:15:36 [/workspace/GCRN-complex/scripts/utils/models.py:207 - INFO ] Saving checkpoint into exp_dns_1000/best.pt
2026-05-20 12:15:36 [/workspace/GCRN-complex/scripts/utils/models.py:208 - INFO ] Epoch [7/30], ( tr_loss: 0.0062 | cv_loss: 0.0073 )

2026-05-20 12:15:48 [/workspace/GCRN-complex/scripts/utils/models.py:205 - INFO ] Saving checkpoint into exp_dns_1000/latest.pt
2026-05-20 12:15:48 [/workspace/GCRN-complex/scripts/utils/models.py:208 - INFO ] Epoch [7/30], ( tr_loss: 0.0064 | cv_loss: 0.0084 )

2026-05-20 12:16:03 [/workspace/GCRN-complex/scripts/utils/models.py:205 - INFO ] Saving checkpoint into exp_dns_1000/latest.pt
2026-05-20 12:16:03 [/workspace/GCRN-complex/scripts/utils/models.py:207 - INFO ] Saving checkpoint into exp_dns_1000/best.pt
2026-05-20 12:16:03 [/workspace/GCRN-complex/scripts/utils/models.py:208 - INFO ] Epoch [8/30], ( tr_loss: 0.0057 | cv_loss: 0.0069 )

2026-05-20 12:16:16 [/workspace/GCRN-complex/scripts/utils/models.py:205 - INFO ] Saving checkpoint into exp_dns_1000/latest.pt
2026-05-20 12:16:16 [/workspace/GCRN-complex/scripts/utils/models.py:208 - INFO ] Epoch [8/30], ( tr_loss: 0.0056 | cv_loss: 0.0079 )

2026-05-20 12:16:31 [/workspace/GCRN-complex/scripts/utils/models.py:205 - INFO ] Saving checkpoint into exp_dns_1000/latest.pt
2026-05-20 12:16:31 [/workspace/GCRN-complex/scripts/utils/models.py:208 - INFO ] Epoch [9/30], ( tr_loss: 0.0048 | cv_loss: 0.0070 )

2026-05-20 12:16:44 [/workspace/GCRN-complex/scripts/utils/models.py:205 - INFO ] Saving checkpoint into exp_dns_1000/latest.pt
2026-05-20 12:16:44 [/workspace/GCRN-complex/scripts/utils/models.py:208 - INFO ] Epoch [9/30], ( tr_loss: 0.0052 | cv_loss: 0.0069 )

2026-05-20 12:16:59 [/workspace/GCRN-complex/scripts/utils/models.py:205 - INFO ] Saving checkpoint into exp_dns_1000/latest.pt
2026-05-20 12:16:59 [/workspace/GCRN-complex/scripts/utils/models.py:207 - INFO ] Saving checkpoint into exp_dns_1000/best.pt
2026-05-20 12:16:59 [/workspace/GCRN-complex/scripts/utils/models.py:208 - INFO ] Epoch [10/30], ( tr_loss: 0.0043 | cv_loss: 0.0066 )

2026-05-20 12:17:12 [/workspace/GCRN-complex/scripts/utils/models.py:205 - INFO ] Saving checkpoint into exp_dns_1000/latest.pt
2026-05-20 12:17:12 [/workspace/GCRN-complex/scripts/utils/models.py:208 - INFO ] Epoch [10/30], ( tr_loss: 0.0046 | cv_loss: 0.0068 )

2026-05-20 12:17:27 [/workspace/GCRN-complex/scripts/utils/models.py:205 - INFO ] Saving checkpoint into exp_dns_1000/latest.pt
2026-05-20 12:17:27 [/workspace/GCRN-complex/scripts/utils/models.py:207 - INFO ] Saving checkpoint into exp_dns_1000/best.pt
2026-05-20 12:17:27 [/workspace/GCRN-complex/scripts/utils/models.py:208 - INFO ] Epoch [11/30], ( tr_loss: 0.0045 | cv_loss: 0.0060 )

2026-05-20 12:17:40 [/workspace/GCRN-complex/scripts/utils/models.py:205 - INFO ] Saving checkpoint into exp_dns_1000/latest.pt
2026-05-20 12:17:40 [/workspace/GCRN-complex/scripts/utils/models.py:207 - INFO ] Saving checkpoint into exp_dns_1000/best.pt
2026-05-20 12:17:40 [/workspace/GCRN-complex/scripts/utils/models.py:208 - INFO ] Epoch [11/30], ( tr_loss: 0.0040 | cv_loss: 0.0059 )

2026-05-20 12:17:55 [/workspace/GCRN-complex/scripts/utils/models.py:205 - INFO ] Saving checkpoint into exp_dns_1000/latest.pt
2026-05-20 12:17:55 [/workspace/GCRN-complex/scripts/utils/models.py:208 - INFO ] Epoch [12/30], ( tr_loss: 0.0043 | cv_loss: 0.0063 )

2026-05-20 12:18:07 [/workspace/GCRN-complex/scripts/utils/models.py:205 - INFO ] Saving checkpoint into exp_dns_1000/latest.pt
2026-05-20 12:18:07 [/workspace/GCRN-complex/scripts/utils/models.py:208 - INFO ] Epoch [12/30], ( tr_loss: 0.0037 | cv_loss: 0.0065 )

2026-05-20 12:18:22 [/workspace/GCRN-complex/scripts/utils/models.py:205 - INFO ] Saving checkpoint into exp_dns_1000/latest.pt
2026-05-20 12:18:22 [/workspace/GCRN-complex/scripts/utils/models.py:207 - INFO ] Saving checkpoint into exp_dns_1000/best.pt
2026-05-20 12:18:22 [/workspace/GCRN-complex/scripts/utils/models.py:208 - INFO ] Epoch [13/30], ( tr_loss: 0.0039 | cv_loss: 0.0056 )

2026-05-20 12:18:34 [/workspace/GCRN-complex/scripts/utils/models.py:205 - INFO ] Saving checkpoint into exp_dns_1000/latest.pt
2026-05-20 12:18:34 [/workspace/GCRN-complex/scripts/utils/models.py:207 - INFO ] Saving checkpoint into exp_dns_1000/best.pt
2026-05-20 12:18:34 [/workspace/GCRN-complex/scripts/utils/models.py:208 - INFO ] Epoch [13/30], ( tr_loss: 0.0035 | cv_loss: 0.0054 )

2026-05-20 12:18:49 [/workspace/GCRN-complex/scripts/utils/models.py:205 - INFO ] Saving checkpoint into exp_dns_1000/latest.pt
2026-05-20 12:18:49 [/workspace/GCRN-complex/scripts/utils/models.py:208 - INFO ] Epoch [14/30], ( tr_loss: 0.0035 | cv_loss: 0.0059 )

2026-05-20 12:19:02 [/workspace/GCRN-complex/scripts/utils/models.py:205 - INFO ] Saving checkpoint into exp_dns_1000/latest.pt
2026-05-20 12:19:02 [/workspace/GCRN-complex/scripts/utils/models.py:207 - INFO ] Saving checkpoint into exp_dns_1000/best.pt
2026-05-20 12:19:02 [/workspace/GCRN-complex/scripts/utils/models.py:208 - INFO ] Epoch [14/30], ( tr_loss: 0.0034 | cv_loss: 0.0054 )

2026-05-20 12:19:17 [/workspace/GCRN-complex/scripts/utils/models.py:205 - INFO ] Saving checkpoint into exp_dns_1000/latest.pt
2026-05-20 12:19:17 [/workspace/GCRN-complex/scripts/utils/models.py:208 - INFO ] Epoch [15/30], ( tr_loss: 0.0034 | cv_loss: 0.0055 )

2026-05-20 12:19:30 [/workspace/GCRN-complex/scripts/utils/models.py:205 - INFO ] Saving checkpoint into exp_dns_1000/latest.pt
2026-05-20 12:19:30 [/workspace/GCRN-complex/scripts/utils/models.py:207 - INFO ] Saving checkpoint into exp_dns_1000/best.pt
2026-05-20 12:19:30 [/workspace/GCRN-complex/scripts/utils/models.py:208 - INFO ] Epoch [15/30], ( tr_loss: 0.0031 | cv_loss: 0.0049 )

2026-05-20 12:19:46 [/workspace/GCRN-complex/scripts/utils/models.py:205 - INFO ] Saving checkpoint into exp_dns_1000/latest.pt
2026-05-20 12:19:46 [/workspace/GCRN-complex/scripts/utils/models.py:208 - INFO ] Epoch [16/30], ( tr_loss: 0.0030 | cv_loss: 0.0053 )

2026-05-20 12:19:58 [/workspace/GCRN-complex/scripts/utils/models.py:205 - INFO ] Saving checkpoint into exp_dns_1000/latest.pt
2026-05-20 12:19:58 [/workspace/GCRN-complex/scripts/utils/models.py:208 - INFO ] Epoch [16/30], ( tr_loss: 0.0030 | cv_loss: 0.0052 )

2026-05-20 12:20:13 [/workspace/GCRN-complex/scripts/utils/models.py:205 - INFO ] Saving checkpoint into exp_dns_1000/latest.pt
2026-05-20 12:20:13 [/workspace/GCRN-complex/scripts/utils/models.py:208 - INFO ] Epoch [17/30], ( tr_loss: 0.0029 | cv_loss: 0.0051 )

2026-05-20 12:20:26 [/workspace/GCRN-complex/scripts/utils/models.py:205 - INFO ] Saving checkpoint into exp_dns_1000/latest.pt
2026-05-20 12:20:26 [/workspace/GCRN-complex/scripts/utils/models.py:207 - INFO ] Saving checkpoint into exp_dns_1000/best.pt
2026-05-20 12:20:26 [/workspace/GCRN-complex/scripts/utils/models.py:208 - INFO ] Epoch [17/30], ( tr_loss: 0.0027 | cv_loss: 0.0049 )

2026-05-20 12:20:41 [/workspace/GCRN-complex/scripts/utils/models.py:205 - INFO ] Saving checkpoint into exp_dns_1000/latest.pt
2026-05-20 12:20:41 [/workspace/GCRN-complex/scripts/utils/models.py:208 - INFO ] Epoch [18/30], ( tr_loss: 0.0027 | cv_loss: 0.0050 )

2026-05-20 12:20:54 [/workspace/GCRN-complex/scripts/utils/models.py:205 - INFO ] Saving checkpoint into exp_dns_1000/latest.pt
2026-05-20 12:20:54 [/workspace/GCRN-complex/scripts/utils/models.py:208 - INFO ] Epoch [18/30], ( tr_loss: 0.0026 | cv_loss: 0.0055 )

2026-05-20 12:21:09 [/workspace/GCRN-complex/scripts/utils/models.py:205 - INFO ] Saving checkpoint into exp_dns_1000/latest.pt
2026-05-20 12:21:09 [/workspace/GCRN-complex/scripts/utils/models.py:207 - INFO ] Saving checkpoint into exp_dns_1000/best.pt
2026-05-20 12:21:09 [/workspace/GCRN-complex/scripts/utils/models.py:208 - INFO ] Epoch [19/30], ( tr_loss: 0.0028 | cv_loss: 0.0049 )

2026-05-20 12:21:22 [/workspace/GCRN-complex/scripts/utils/models.py:205 - INFO ] Saving checkpoint into exp_dns_1000/latest.pt
2026-05-20 12:21:22 [/workspace/GCRN-complex/scripts/utils/models.py:208 - INFO ] Epoch [19/30], ( tr_loss: 0.0025 | cv_loss: 0.0049 )

2026-05-20 12:21:37 [/workspace/GCRN-complex/scripts/utils/models.py:205 - INFO ] Saving checkpoint into exp_dns_1000/latest.pt
2026-05-20 12:21:37 [/workspace/GCRN-complex/scripts/utils/models.py:207 - INFO ] Saving checkpoint into exp_dns_1000/best.pt
2026-05-20 12:21:37 [/workspace/GCRN-complex/scripts/utils/models.py:208 - INFO ] Epoch [20/30], ( tr_loss: 0.0026 | cv_loss: 0.0048 )

2026-05-20 12:21:50 [/workspace/GCRN-complex/scripts/utils/models.py:205 - INFO ] Saving checkpoint into exp_dns_1000/latest.pt
2026-05-20 12:21:50 [/workspace/GCRN-complex/scripts/utils/models.py:208 - INFO ] Epoch [20/30], ( tr_loss: 0.0022 | cv_loss: 0.0058 )

2026-05-20 12:22:05 [/workspace/GCRN-complex/scripts/utils/models.py:205 - INFO ] Saving checkpoint into exp_dns_1000/latest.pt
2026-05-20 12:22:05 [/workspace/GCRN-complex/scripts/utils/models.py:208 - INFO ] Epoch [21/30], ( tr_loss: 0.0026 | cv_loss: 0.0049 )

2026-05-20 12:22:18 [/workspace/GCRN-complex/scripts/utils/models.py:205 - INFO ] Saving checkpoint into exp_dns_1000/latest.pt
2026-05-20 12:22:18 [/workspace/GCRN-complex/scripts/utils/models.py:207 - INFO ] Saving checkpoint into exp_dns_1000/best.pt
2026-05-20 12:22:18 [/workspace/GCRN-complex/scripts/utils/models.py:208 - INFO ] Epoch [21/30], ( tr_loss: 0.0025 | cv_loss: 0.0046 )

2026-05-20 12:22:33 [/workspace/GCRN-complex/scripts/utils/models.py:205 - INFO ] Saving checkpoint into exp_dns_1000/latest.pt
2026-05-20 12:22:33 [/workspace/GCRN-complex/scripts/utils/models.py:208 - INFO ] Epoch [22/30], ( tr_loss: 0.0023 | cv_loss: 0.0046 )

2026-05-20 12:22:47 [/workspace/GCRN-complex/scripts/utils/models.py:205 - INFO ] Saving checkpoint into exp_dns_1000/latest.pt
2026-05-20 12:22:47 [/workspace/GCRN-complex/scripts/utils/models.py:208 - INFO ] Epoch [22/30], ( tr_loss: 0.0023 | cv_loss: 0.0047 )

2026-05-20 12:23:02 [/workspace/GCRN-complex/scripts/utils/models.py:205 - INFO ] Saving checkpoint into exp_dns_1000/latest.pt
2026-05-20 12:23:02 [/workspace/GCRN-complex/scripts/utils/models.py:207 - INFO ] Saving checkpoint into exp_dns_1000/best.pt
2026-05-20 12:23:02 [/workspace/GCRN-complex/scripts/utils/models.py:208 - INFO ] Epoch [23/30], ( tr_loss: 0.0022 | cv_loss: 0.0045 )

2026-05-20 12:23:15 [/workspace/GCRN-complex/scripts/utils/models.py:205 - INFO ] Saving checkpoint into exp_dns_1000/latest.pt
2026-05-20 12:23:15 [/workspace/GCRN-complex/scripts/utils/models.py:208 - INFO ] Epoch [23/30], ( tr_loss: 0.0022 | cv_loss: 0.0048 )

2026-05-20 12:23:31 [/workspace/GCRN-complex/scripts/utils/models.py:205 - INFO ] Saving checkpoint into exp_dns_1000/latest.pt
2026-05-20 12:23:31 [/workspace/GCRN-complex/scripts/utils/models.py:208 - INFO ] Epoch [24/30], ( tr_loss: 0.0021 | cv_loss: 0.0051 )

2026-05-20 12:23:43 [/workspace/GCRN-complex/scripts/utils/models.py:205 - INFO ] Saving checkpoint into exp_dns_1000/latest.pt
2026-05-20 12:23:43 [/workspace/GCRN-complex/scripts/utils/models.py:208 - INFO ] Epoch [24/30], ( tr_loss: 0.0022 | cv_loss: 0.0048 )

2026-05-20 12:23:58 [/workspace/GCRN-complex/scripts/utils/models.py:205 - INFO ] Saving checkpoint into exp_dns_1000/latest.pt
2026-05-20 12:23:58 [/workspace/GCRN-complex/scripts/utils/models.py:207 - INFO ] Saving checkpoint into exp_dns_1000/best.pt
2026-05-20 12:23:58 [/workspace/GCRN-complex/scripts/utils/models.py:208 - INFO ] Epoch [25/30], ( tr_loss: 0.0021 | cv_loss: 0.0045 )

2026-05-20 12:24:11 [/workspace/GCRN-complex/scripts/utils/models.py:205 - INFO ] Saving checkpoint into exp_dns_1000/latest.pt
2026-05-20 12:24:11 [/workspace/GCRN-complex/scripts/utils/models.py:207 - INFO ] Saving checkpoint into exp_dns_1000/best.pt
2026-05-20 12:24:11 [/workspace/GCRN-complex/scripts/utils/models.py:208 - INFO ] Epoch [25/30], ( tr_loss: 0.0021 | cv_loss: 0.0045 )

2026-05-20 12:24:27 [/workspace/GCRN-complex/scripts/utils/models.py:205 - INFO ] Saving checkpoint into exp_dns_1000/latest.pt
2026-05-20 12:24:27 [/workspace/GCRN-complex/scripts/utils/models.py:207 - INFO ] Saving checkpoint into exp_dns_1000/best.pt
2026-05-20 12:24:27 [/workspace/GCRN-complex/scripts/utils/models.py:208 - INFO ] Epoch [26/30], ( tr_loss: 0.0020 | cv_loss: 0.0042 )

2026-05-20 12:24:40 [/workspace/GCRN-complex/scripts/utils/models.py:205 - INFO ] Saving checkpoint into exp_dns_1000/latest.pt
2026-05-20 12:24:40 [/workspace/GCRN-complex/scripts/utils/models.py:208 - INFO ] Epoch [26/30], ( tr_loss: 0.0020 | cv_loss: 0.0042 )

2026-05-20 12:24:55 [/workspace/GCRN-complex/scripts/utils/models.py:205 - INFO ] Saving checkpoint into exp_dns_1000/latest.pt
2026-05-20 12:24:55 [/workspace/GCRN-complex/scripts/utils/models.py:208 - INFO ] Epoch [27/30], ( tr_loss: 0.0020 | cv_loss: 0.0042 )

2026-05-20 12:25:08 [/workspace/GCRN-complex/scripts/utils/models.py:205 - INFO ] Saving checkpoint into exp_dns_1000/latest.pt
2026-05-20 12:25:08 [/workspace/GCRN-complex/scripts/utils/models.py:208 - INFO ] Epoch [27/30], ( tr_loss: 0.0019 | cv_loss: 0.0044 )

2026-05-20 12:25:23 [/workspace/GCRN-complex/scripts/utils/models.py:205 - INFO ] Saving checkpoint into exp_dns_1000/latest.pt
2026-05-20 12:25:23 [/workspace/GCRN-complex/scripts/utils/models.py:207 - INFO ] Saving checkpoint into exp_dns_1000/best.pt
2026-05-20 12:25:23 [/workspace/GCRN-complex/scripts/utils/models.py:208 - INFO ] Epoch [28/30], ( tr_loss: 0.0018 | cv_loss: 0.0041 )

2026-05-20 12:25:37 [/workspace/GCRN-complex/scripts/utils/models.py:205 - INFO ] Saving checkpoint into exp_dns_1000/latest.pt
2026-05-20 12:25:37 [/workspace/GCRN-complex/scripts/utils/models.py:208 - INFO ] Epoch [28/30], ( tr_loss: 0.0019 | cv_loss: 0.0044 )

2026-05-20 12:25:52 [/workspace/GCRN-complex/scripts/utils/models.py:205 - INFO ] Saving checkpoint into exp_dns_1000/latest.pt
2026-05-20 12:25:52 [/workspace/GCRN-complex/scripts/utils/models.py:208 - INFO ] Epoch [29/30], ( tr_loss: 0.0018 | cv_loss: 0.0044 )

2026-05-20 12:26:04 [/workspace/GCRN-complex/scripts/utils/models.py:205 - INFO ] Saving checkpoint into exp_dns_1000/latest.pt
2026-05-20 12:26:04 [/workspace/GCRN-complex/scripts/utils/models.py:208 - INFO ] Epoch [29/30], ( tr_loss: 0.0019 | cv_loss: 0.0048 )

2026-05-20 12:26:20 [/workspace/GCRN-complex/scripts/utils/models.py:205 - INFO ] Saving checkpoint into exp_dns_1000/latest.pt
2026-05-20 12:26:20 [/workspace/GCRN-complex/scripts/utils/models.py:208 - INFO ] Epoch [30/30], ( tr_loss: 0.0018 | cv_loss: 0.0042 )

2026-05-20 12:26:32 [/workspace/GCRN-complex/scripts/utils/models.py:205 - INFO ] Saving checkpoint into exp_dns_1000/latest.pt
2026-05-20 12:26:32 [/workspace/GCRN-complex/scripts/utils/models.py:208 - INFO ] Epoch [30/30], ( tr_loss: 0.0017 | cv_loss: 0.0046 )

