2026-05-26 08:29:28 [/workspace/GCRN-complex/scripts/utils/models.py:97 - INFO ] Model summary:
Net(
  (conv1): GluConv2d(
    (conv1): Conv2d(2, 16, kernel_size=(1, 3), stride=(1, 2))
    (conv2): Conv2d(2, 16, kernel_size=(1, 3), stride=(1, 2))
    (sigmoid): Sigmoid()
  )
  (conv2): GluConv2d(
    (conv1): Conv2d(16, 32, kernel_size=(1, 3), stride=(1, 2))
    (conv2): Conv2d(16, 32, kernel_size=(1, 3), stride=(1, 2))
    (sigmoid): Sigmoid()
  )
  (conv3): GluConv2d(
    (conv1): Conv2d(32, 64, kernel_size=(1, 3), stride=(1, 2))
    (conv2): Conv2d(32, 64, kernel_size=(1, 3), stride=(1, 2))
    (sigmoid): Sigmoid()
  )
  (conv4): GluConv2d(
    (conv1): Conv2d(64, 128, kernel_size=(1, 3), stride=(1, 2))
    (conv2): Conv2d(64, 128, kernel_size=(1, 3), stride=(1, 2))
    (sigmoid): Sigmoid()
  )
  (conv5): GluConv2d(
    (conv1): Conv2d(128, 256, kernel_size=(1, 3), stride=(1, 2))
    (conv2): Conv2d(128, 256, kernel_size=(1, 3), stride=(1, 2))
    (sigmoid): Sigmoid()
  )
  (glstm): GLSTM(
    (lstm_list1): ModuleList(
      (0): LSTM(512, 512, batch_first=True)
      (1): LSTM(512, 512, batch_first=True)
    )
    (lstm_list2): ModuleList(
      (0): LSTM(512, 512, batch_first=True)
      (1): LSTM(512, 512, batch_first=True)
    )
    (ln1): LayerNorm((1024,), eps=1e-05, elementwise_affine=True)
    (ln2): LayerNorm((1024,), eps=1e-05, elementwise_affine=True)
  )
  (conv5_t_1): GluConvTranspose2d(
    (conv1): ConvTranspose2d(512, 128, kernel_size=(1, 3), stride=(1, 2))
    (conv2): ConvTranspose2d(512, 128, kernel_size=(1, 3), stride=(1, 2))
    (sigmoid): Sigmoid()
  )
  (conv4_t_1): GluConvTranspose2d(
    (conv1): ConvTranspose2d(256, 64, kernel_size=(1, 3), stride=(1, 2))
    (conv2): ConvTranspose2d(256, 64, kernel_size=(1, 3), stride=(1, 2))
    (sigmoid): Sigmoid()
  )
  (conv3_t_1): GluConvTranspose2d(
    (conv1): ConvTranspose2d(128, 32, kernel_size=(1, 3), stride=(1, 2))
    (conv2): ConvTranspose2d(128, 32, kernel_size=(1, 3), stride=(1, 2))
    (sigmoid): Sigmoid()
  )
  (conv2_t_1): GluConvTranspose2d(
    (conv1): ConvTranspose2d(64, 16, kernel_size=(1, 3), stride=(1, 2), output_padding=(0, 1))
    (conv2): ConvTranspose2d(64, 16, kernel_size=(1, 3), stride=(1, 2), output_padding=(0, 1))
    (sigmoid): Sigmoid()
  )
  (conv1_t_1): GluConvTranspose2d(
    (conv1): ConvTranspose2d(32, 1, kernel_size=(1, 3), stride=(1, 2))
    (conv2): ConvTranspose2d(32, 1, kernel_size=(1, 3), stride=(1, 2))
    (sigmoid): Sigmoid()
  )
  (conv5_t_2): GluConvTranspose2d(
    (conv1): ConvTranspose2d(512, 128, kernel_size=(1, 3), stride=(1, 2))
    (conv2): ConvTranspose2d(512, 128, kernel_size=(1, 3), stride=(1, 2))
    (sigmoid): Sigmoid()
  )
  (conv4_t_2): GluConvTranspose2d(
    (conv1): ConvTranspose2d(256, 64, kernel_size=(1, 3), stride=(1, 2))
    (conv2): ConvTranspose2d(256, 64, kernel_size=(1, 3), stride=(1, 2))
    (sigmoid): Sigmoid()
  )
  (conv3_t_2): GluConvTranspose2d(
    (conv1): ConvTranspose2d(128, 32, kernel_size=(1, 3), stride=(1, 2))
    (conv2): ConvTranspose2d(128, 32, kernel_size=(1, 3), stride=(1, 2))
    (sigmoid): Sigmoid()
  )
  (conv2_t_2): GluConvTranspose2d(
    (conv1): ConvTranspose2d(64, 16, kernel_size=(1, 3), stride=(1, 2), output_padding=(0, 1))
    (conv2): ConvTranspose2d(64, 16, kernel_size=(1, 3), stride=(1, 2), output_padding=(0, 1))
    (sigmoid): Sigmoid()
  )
  (conv1_t_2): GluConvTranspose2d(
    (conv1): ConvTranspose2d(32, 1, kernel_size=(1, 3), stride=(1, 2))
    (conv2): ConvTranspose2d(32, 1, kernel_size=(1, 3), stride=(1, 2))
    (sigmoid): Sigmoid()
  )
  (bn1): BatchNorm2d(16, eps=1e-05, momentum=0.1, affine=True, track_running_stats=True)
  (bn2): BatchNorm2d(32, eps=1e-05, momentum=0.1, affine=True, track_running_stats=True)
  (bn3): BatchNorm2d(64, eps=1e-05, momentum=0.1, affine=True, track_running_stats=True)
  (bn4): BatchNorm2d(128, eps=1e-05, momentum=0.1, affine=True, track_running_stats=True)
  (bn5): BatchNorm2d(256, eps=1e-05, momentum=0.1, affine=True, track_running_stats=True)
  (bn5_t_1): BatchNorm2d(128, eps=1e-05, momentum=0.1, affine=True, track_running_stats=True)
  (bn4_t_1): BatchNorm2d(64, eps=1e-05, momentum=0.1, affine=True, track_running_stats=True)
  (bn3_t_1): BatchNorm2d(32, eps=1e-05, momentum=0.1, affine=True, track_running_stats=True)
  (bn2_t_1): BatchNorm2d(16, eps=1e-05, momentum=0.1, affine=True, track_running_stats=True)
  (bn1_t_1): BatchNorm2d(1, eps=1e-05, momentum=0.1, affine=True, track_running_stats=True)
  (bn5_t_2): BatchNorm2d(128, eps=1e-05, momentum=0.1, affine=True, track_running_stats=True)
  (bn4_t_2): BatchNorm2d(64, eps=1e-05, momentum=0.1, affine=True, track_running_stats=True)
  (bn3_t_2): BatchNorm2d(32, eps=1e-05, momentum=0.1, affine=True, track_running_stats=True)
  (bn2_t_2): BatchNorm2d(16, eps=1e-05, momentum=0.1, affine=True, track_running_stats=True)
  (bn1_t_2): BatchNorm2d(1, eps=1e-05, momentum=0.1, affine=True, track_running_stats=True)
  (elu): ELU(alpha=1.0, inplace=True)
  (fc1): Linear(in_features=161, out_features=161, bias=True)
  (fc2): Linear(in_features=161, out_features=161, bias=True)
)
2026-05-26 08:30:11 [/workspace/GCRN-complex/scripts/utils/models.py:97 - INFO ] Model summary:
Net(
  (conv1): GluConv2d(
    (conv1): Conv2d(2, 16, kernel_size=(1, 3), stride=(1, 2))
    (conv2): Conv2d(2, 16, kernel_size=(1, 3), stride=(1, 2))
    (sigmoid): Sigmoid()
  )
  (conv2): GluConv2d(
    (conv1): Conv2d(16, 32, kernel_size=(1, 3), stride=(1, 2))
    (conv2): Conv2d(16, 32, kernel_size=(1, 3), stride=(1, 2))
    (sigmoid): Sigmoid()
  )
  (conv3): GluConv2d(
    (conv1): Conv2d(32, 64, kernel_size=(1, 3), stride=(1, 2))
    (conv2): Conv2d(32, 64, kernel_size=(1, 3), stride=(1, 2))
    (sigmoid): Sigmoid()
  )
  (conv4): GluConv2d(
    (conv1): Conv2d(64, 128, kernel_size=(1, 3), stride=(1, 2))
    (conv2): Conv2d(64, 128, kernel_size=(1, 3), stride=(1, 2))
    (sigmoid): Sigmoid()
  )
  (conv5): GluConv2d(
    (conv1): Conv2d(128, 256, kernel_size=(1, 3), stride=(1, 2))
    (conv2): Conv2d(128, 256, kernel_size=(1, 3), stride=(1, 2))
    (sigmoid): Sigmoid()
  )
  (glstm): GLSTM(
    (lstm_list1): ModuleList(
      (0): LSTM(512, 512, batch_first=True)
      (1): LSTM(512, 512, batch_first=True)
    )
    (lstm_list2): ModuleList(
      (0): LSTM(512, 512, batch_first=True)
      (1): LSTM(512, 512, batch_first=True)
    )
    (ln1): LayerNorm((1024,), eps=1e-05, elementwise_affine=True)
    (ln2): LayerNorm((1024,), eps=1e-05, elementwise_affine=True)
  )
  (conv5_t_1): GluConvTranspose2d(
    (conv1): ConvTranspose2d(512, 128, kernel_size=(1, 3), stride=(1, 2))
    (conv2): ConvTranspose2d(512, 128, kernel_size=(1, 3), stride=(1, 2))
    (sigmoid): Sigmoid()
  )
  (conv4_t_1): GluConvTranspose2d(
    (conv1): ConvTranspose2d(256, 64, kernel_size=(1, 3), stride=(1, 2))
    (conv2): ConvTranspose2d(256, 64, kernel_size=(1, 3), stride=(1, 2))
    (sigmoid): Sigmoid()
  )
  (conv3_t_1): GluConvTranspose2d(
    (conv1): ConvTranspose2d(128, 32, kernel_size=(1, 3), stride=(1, 2))
    (conv2): ConvTranspose2d(128, 32, kernel_size=(1, 3), stride=(1, 2))
    (sigmoid): Sigmoid()
  )
  (conv2_t_1): GluConvTranspose2d(
    (conv1): ConvTranspose2d(64, 16, kernel_size=(1, 3), stride=(1, 2), output_padding=(0, 1))
    (conv2): ConvTranspose2d(64, 16, kernel_size=(1, 3), stride=(1, 2), output_padding=(0, 1))
    (sigmoid): Sigmoid()
  )
  (conv1_t_1): GluConvTranspose2d(
    (conv1): ConvTranspose2d(32, 1, kernel_size=(1, 3), stride=(1, 2))
    (conv2): ConvTranspose2d(32, 1, kernel_size=(1, 3), stride=(1, 2))
    (sigmoid): Sigmoid()
  )
  (conv5_t_2): GluConvTranspose2d(
    (conv1): ConvTranspose2d(512, 128, kernel_size=(1, 3), stride=(1, 2))
    (conv2): ConvTranspose2d(512, 128, kernel_size=(1, 3), stride=(1, 2))
    (sigmoid): Sigmoid()
  )
  (conv4_t_2): GluConvTranspose2d(
    (conv1): ConvTranspose2d(256, 64, kernel_size=(1, 3), stride=(1, 2))
    (conv2): ConvTranspose2d(256, 64, kernel_size=(1, 3), stride=(1, 2))
    (sigmoid): Sigmoid()
  )
  (conv3_t_2): GluConvTranspose2d(
    (conv1): ConvTranspose2d(128, 32, kernel_size=(1, 3), stride=(1, 2))
    (conv2): ConvTranspose2d(128, 32, kernel_size=(1, 3), stride=(1, 2))
    (sigmoid): Sigmoid()
  )
  (conv2_t_2): GluConvTranspose2d(
    (conv1): ConvTranspose2d(64, 16, kernel_size=(1, 3), stride=(1, 2), output_padding=(0, 1))
    (conv2): ConvTranspose2d(64, 16, kernel_size=(1, 3), stride=(1, 2), output_padding=(0, 1))
    (sigmoid): Sigmoid()
  )
  (conv1_t_2): GluConvTranspose2d(
    (conv1): ConvTranspose2d(32, 1, kernel_size=(1, 3), stride=(1, 2))
    (conv2): ConvTranspose2d(32, 1, kernel_size=(1, 3), stride=(1, 2))
    (sigmoid): Sigmoid()
  )
  (bn1): BatchNorm2d(16, eps=1e-05, momentum=0.1, affine=True, track_running_stats=True)
  (bn2): BatchNorm2d(32, eps=1e-05, momentum=0.1, affine=True, track_running_stats=True)
  (bn3): BatchNorm2d(64, eps=1e-05, momentum=0.1, affine=True, track_running_stats=True)
  (bn4): BatchNorm2d(128, eps=1e-05, momentum=0.1, affine=True, track_running_stats=True)
  (bn5): BatchNorm2d(256, eps=1e-05, momentum=0.1, affine=True, track_running_stats=True)
  (bn5_t_1): BatchNorm2d(128, eps=1e-05, momentum=0.1, affine=True, track_running_stats=True)
  (bn4_t_1): BatchNorm2d(64, eps=1e-05, momentum=0.1, affine=True, track_running_stats=True)
  (bn3_t_1): BatchNorm2d(32, eps=1e-05, momentum=0.1, affine=True, track_running_stats=True)
  (bn2_t_1): BatchNorm2d(16, eps=1e-05, momentum=0.1, affine=True, track_running_stats=True)
  (bn1_t_1): BatchNorm2d(1, eps=1e-05, momentum=0.1, affine=True, track_running_stats=True)
  (bn5_t_2): BatchNorm2d(128, eps=1e-05, momentum=0.1, affine=True, track_running_stats=True)
  (bn4_t_2): BatchNorm2d(64, eps=1e-05, momentum=0.1, affine=True, track_running_stats=True)
  (bn3_t_2): BatchNorm2d(32, eps=1e-05, momentum=0.1, affine=True, track_running_stats=True)
  (bn2_t_2): BatchNorm2d(16, eps=1e-05, momentum=0.1, affine=True, track_running_stats=True)
  (bn1_t_2): BatchNorm2d(1, eps=1e-05, momentum=0.1, affine=True, track_running_stats=True)
  (elu): ELU(alpha=1.0, inplace=True)
  (fc1): Linear(in_features=161, out_features=161, bias=True)
  (fc2): Linear(in_features=161, out_features=161, bias=True)
)
2026-05-26 08:30:12 [/workspace/GCRN-complex/scripts/utils/models.py:105 - INFO ] Trainable parameter count: 9,771,340 -> 37.27 MB

2026-05-26 08:30:12 [/workspace/GCRN-complex/scripts/utils/models.py:117 - INFO ] Resuming model from ./exp_dns_1000/models/best.pt
2026-05-26 08:30:12 [/workspace/GCRN-complex/scripts/utils/models.py:129 - INFO ] model info: epoch 28, iter 100, cv_loss - 0.0041

2026-05-26 08:30:32 [/workspace/GCRN-complex/scripts/utils/models.py:205 - INFO ] Saving checkpoint into exp_librispeech_stage/latest.pt
2026-05-26 08:30:32 [/workspace/GCRN-complex/scripts/utils/models.py:208 - INFO ] Epoch [28/30], ( tr_loss: 0.1095 | cv_loss: 0.0822 )

2026-05-26 08:30:51 [/workspace/GCRN-complex/scripts/utils/models.py:205 - INFO ] Saving checkpoint into exp_librispeech_stage/latest.pt
2026-05-26 08:30:51 [/workspace/GCRN-complex/scripts/utils/models.py:208 - INFO ] Epoch [28/30], ( tr_loss: 0.0763 | cv_loss: 0.0738 )

2026-05-26 08:31:10 [/workspace/GCRN-complex/scripts/utils/models.py:205 - INFO ] Saving checkpoint into exp_librispeech_stage/latest.pt
2026-05-26 08:31:10 [/workspace/GCRN-complex/scripts/utils/models.py:208 - INFO ] Epoch [28/30], ( tr_loss: 0.0688 | cv_loss: 0.0699 )

2026-05-26 08:31:29 [/workspace/GCRN-complex/scripts/utils/models.py:205 - INFO ] Saving checkpoint into exp_librispeech_stage/latest.pt
2026-05-26 08:31:29 [/workspace/GCRN-complex/scripts/utils/models.py:208 - INFO ] Epoch [28/30], ( tr_loss: 0.0704 | cv_loss: 0.0657 )

2026-05-26 08:31:48 [/workspace/GCRN-complex/scripts/utils/models.py:205 - INFO ] Saving checkpoint into exp_librispeech_stage/latest.pt
2026-05-26 08:31:48 [/workspace/GCRN-complex/scripts/utils/models.py:208 - INFO ] Epoch [28/30], ( tr_loss: 0.0708 | cv_loss: 0.0651 )

2026-05-26 08:32:07 [/workspace/GCRN-complex/scripts/utils/models.py:205 - INFO ] Saving checkpoint into exp_librispeech_stage/latest.pt
2026-05-26 08:32:07 [/workspace/GCRN-complex/scripts/utils/models.py:208 - INFO ] Epoch [28/30], ( tr_loss: 0.0667 | cv_loss: 0.0594 )

2026-05-26 08:32:26 [/workspace/GCRN-complex/scripts/utils/models.py:205 - INFO ] Saving checkpoint into exp_librispeech_stage/latest.pt
2026-05-26 08:32:26 [/workspace/GCRN-complex/scripts/utils/models.py:208 - INFO ] Epoch [28/30], ( tr_loss: 0.0642 | cv_loss: 0.0642 )

2026-05-26 08:32:45 [/workspace/GCRN-complex/scripts/utils/models.py:205 - INFO ] Saving checkpoint into exp_librispeech_stage/latest.pt
2026-05-26 08:32:45 [/workspace/GCRN-complex/scripts/utils/models.py:208 - INFO ] Epoch [28/30], ( tr_loss: 0.0631 | cv_loss: 0.0611 )

2026-05-26 08:33:04 [/workspace/GCRN-complex/scripts/utils/models.py:205 - INFO ] Saving checkpoint into exp_librispeech_stage/latest.pt
2026-05-26 08:33:04 [/workspace/GCRN-complex/scripts/utils/models.py:208 - INFO ] Epoch [28/30], ( tr_loss: 0.0588 | cv_loss: 0.0603 )

2026-05-26 08:33:23 [/workspace/GCRN-complex/scripts/utils/models.py:205 - INFO ] Saving checkpoint into exp_librispeech_stage/latest.pt
2026-05-26 08:33:23 [/workspace/GCRN-complex/scripts/utils/models.py:208 - INFO ] Epoch [28/30], ( tr_loss: 0.0571 | cv_loss: 0.0562 )

2026-05-26 08:33:42 [/workspace/GCRN-complex/scripts/utils/models.py:205 - INFO ] Saving checkpoint into exp_librispeech_stage/latest.pt
2026-05-26 08:33:42 [/workspace/GCRN-complex/scripts/utils/models.py:208 - INFO ] Epoch [28/30], ( tr_loss: 0.0607 | cv_loss: 0.0538 )

2026-05-26 08:34:03 [/workspace/GCRN-complex/scripts/utils/models.py:205 - INFO ] Saving checkpoint into exp_librispeech_stage/latest.pt
2026-05-26 08:34:03 [/workspace/GCRN-complex/scripts/utils/models.py:208 - INFO ] Epoch [29/30], ( tr_loss: 0.0576 | cv_loss: 0.0557 )

2026-05-26 08:34:22 [/workspace/GCRN-complex/scripts/utils/models.py:205 - INFO ] Saving checkpoint into exp_librispeech_stage/latest.pt
2026-05-26 08:34:22 [/workspace/GCRN-complex/scripts/utils/models.py:208 - INFO ] Epoch [29/30], ( tr_loss: 0.0575 | cv_loss: 0.0528 )

2026-05-26 08:34:41 [/workspace/GCRN-complex/scripts/utils/models.py:205 - INFO ] Saving checkpoint into exp_librispeech_stage/latest.pt
2026-05-26 08:34:41 [/workspace/GCRN-complex/scripts/utils/models.py:208 - INFO ] Epoch [29/30], ( tr_loss: 0.0532 | cv_loss: 0.0513 )

2026-05-26 08:35:00 [/workspace/GCRN-complex/scripts/utils/models.py:205 - INFO ] Saving checkpoint into exp_librispeech_stage/latest.pt
2026-05-26 08:35:00 [/workspace/GCRN-complex/scripts/utils/models.py:208 - INFO ] Epoch [29/30], ( tr_loss: 0.0573 | cv_loss: 0.0550 )

2026-05-26 08:35:19 [/workspace/GCRN-complex/scripts/utils/models.py:205 - INFO ] Saving checkpoint into exp_librispeech_stage/latest.pt
2026-05-26 08:35:19 [/workspace/GCRN-complex/scripts/utils/models.py:208 - INFO ] Epoch [29/30], ( tr_loss: 0.0509 | cv_loss: 0.0501 )

2026-05-26 08:35:38 [/workspace/GCRN-complex/scripts/utils/models.py:205 - INFO ] Saving checkpoint into exp_librispeech_stage/latest.pt
2026-05-26 08:35:38 [/workspace/GCRN-complex/scripts/utils/models.py:208 - INFO ] Epoch [29/30], ( tr_loss: 0.0528 | cv_loss: 0.0512 )

2026-05-26 08:35:57 [/workspace/GCRN-complex/scripts/utils/models.py:205 - INFO ] Saving checkpoint into exp_librispeech_stage/latest.pt
2026-05-26 08:35:57 [/workspace/GCRN-complex/scripts/utils/models.py:208 - INFO ] Epoch [29/30], ( tr_loss: 0.0523 | cv_loss: 0.0507 )

2026-05-26 08:36:16 [/workspace/GCRN-complex/scripts/utils/models.py:205 - INFO ] Saving checkpoint into exp_librispeech_stage/latest.pt
2026-05-26 08:36:16 [/workspace/GCRN-complex/scripts/utils/models.py:208 - INFO ] Epoch [29/30], ( tr_loss: 0.0464 | cv_loss: 0.0516 )

2026-05-26 08:36:35 [/workspace/GCRN-complex/scripts/utils/models.py:205 - INFO ] Saving checkpoint into exp_librispeech_stage/latest.pt
2026-05-26 08:36:35 [/workspace/GCRN-complex/scripts/utils/models.py:208 - INFO ] Epoch [29/30], ( tr_loss: 0.0584 | cv_loss: 0.0516 )

2026-05-26 08:36:54 [/workspace/GCRN-complex/scripts/utils/models.py:205 - INFO ] Saving checkpoint into exp_librispeech_stage/latest.pt
2026-05-26 08:36:54 [/workspace/GCRN-complex/scripts/utils/models.py:208 - INFO ] Epoch [29/30], ( tr_loss: 0.0544 | cv_loss: 0.0502 )

2026-05-26 08:37:13 [/workspace/GCRN-complex/scripts/utils/models.py:205 - INFO ] Saving checkpoint into exp_librispeech_stage/latest.pt
2026-05-26 08:37:13 [/workspace/GCRN-complex/scripts/utils/models.py:208 - INFO ] Epoch [29/30], ( tr_loss: 0.0513 | cv_loss: 0.0521 )

2026-05-26 08:37:35 [/workspace/GCRN-complex/scripts/utils/models.py:205 - INFO ] Saving checkpoint into exp_librispeech_stage/latest.pt
2026-05-26 08:37:35 [/workspace/GCRN-complex/scripts/utils/models.py:208 - INFO ] Epoch [30/30], ( tr_loss: 0.0479 | cv_loss: 0.0474 )

2026-05-26 08:37:54 [/workspace/GCRN-complex/scripts/utils/models.py:205 - INFO ] Saving checkpoint into exp_librispeech_stage/latest.pt
2026-05-26 08:37:54 [/workspace/GCRN-complex/scripts/utils/models.py:208 - INFO ] Epoch [30/30], ( tr_loss: 0.0522 | cv_loss: 0.0525 )

2026-05-26 08:38:13 [/workspace/GCRN-complex/scripts/utils/models.py:205 - INFO ] Saving checkpoint into exp_librispeech_stage/latest.pt
2026-05-26 08:38:13 [/workspace/GCRN-complex/scripts/utils/models.py:208 - INFO ] Epoch [30/30], ( tr_loss: 0.0481 | cv_loss: 0.0535 )

2026-05-26 08:38:32 [/workspace/GCRN-complex/scripts/utils/models.py:205 - INFO ] Saving checkpoint into exp_librispeech_stage/latest.pt
2026-05-26 08:38:32 [/workspace/GCRN-complex/scripts/utils/models.py:208 - INFO ] Epoch [30/30], ( tr_loss: 0.0492 | cv_loss: 0.0492 )

2026-05-26 08:38:51 [/workspace/GCRN-complex/scripts/utils/models.py:205 - INFO ] Saving checkpoint into exp_librispeech_stage/latest.pt
2026-05-26 08:38:51 [/workspace/GCRN-complex/scripts/utils/models.py:208 - INFO ] Epoch [30/30], ( tr_loss: 0.0493 | cv_loss: 0.0484 )

2026-05-26 08:39:09 [/workspace/GCRN-complex/scripts/utils/models.py:205 - INFO ] Saving checkpoint into exp_librispeech_stage/latest.pt
2026-05-26 08:39:09 [/workspace/GCRN-complex/scripts/utils/models.py:208 - INFO ] Epoch [30/30], ( tr_loss: 0.0491 | cv_loss: 0.0476 )

2026-05-26 08:39:28 [/workspace/GCRN-complex/scripts/utils/models.py:205 - INFO ] Saving checkpoint into exp_librispeech_stage/latest.pt
2026-05-26 08:39:28 [/workspace/GCRN-complex/scripts/utils/models.py:208 - INFO ] Epoch [30/30], ( tr_loss: 0.0513 | cv_loss: 0.0468 )

2026-05-26 08:39:47 [/workspace/GCRN-complex/scripts/utils/models.py:205 - INFO ] Saving checkpoint into exp_librispeech_stage/latest.pt
2026-05-26 08:39:47 [/workspace/GCRN-complex/scripts/utils/models.py:208 - INFO ] Epoch [30/30], ( tr_loss: 0.0460 | cv_loss: 0.0484 )

2026-05-26 08:40:06 [/workspace/GCRN-complex/scripts/utils/models.py:205 - INFO ] Saving checkpoint into exp_librispeech_stage/latest.pt
2026-05-26 08:40:06 [/workspace/GCRN-complex/scripts/utils/models.py:208 - INFO ] Epoch [30/30], ( tr_loss: 0.0446 | cv_loss: 0.0465 )

2026-05-26 08:40:25 [/workspace/GCRN-complex/scripts/utils/models.py:205 - INFO ] Saving checkpoint into exp_librispeech_stage/latest.pt
2026-05-26 08:40:25 [/workspace/GCRN-complex/scripts/utils/models.py:208 - INFO ] Epoch [30/30], ( tr_loss: 0.0451 | cv_loss: 0.0462 )

2026-05-26 08:40:44 [/workspace/GCRN-complex/scripts/utils/models.py:205 - INFO ] Saving checkpoint into exp_librispeech_stage/latest.pt
2026-05-26 08:40:44 [/workspace/GCRN-complex/scripts/utils/models.py:208 - INFO ] Epoch [30/30], ( tr_loss: 0.0424 | cv_loss: 0.0499 )

